Archive member included because of file (symbol)

c:/program files (x86)/atmel/atmel toolchain/arm gcc/native/4.8.1437/arm-gnu-toolchain/bin/../lib/gcc/arm-none-eabi/4.8.4/../../../../arm-none-eabi/lib/armv7-m\libc.a(lib_a-exit.o)
                              c:/program files (x86)/atmel/atmel toolchain/arm gcc/native/4.8.1437/arm-gnu-toolchain/bin/../lib/gcc/arm-none-eabi/4.8.4/../../../../arm-none-eabi/lib/armv7-m/crt0.o (exit)
c:/program files (x86)/atmel/atmel toolchain/arm gcc/native/4.8.1437/arm-gnu-toolchain/bin/../lib/gcc/arm-none-eabi/4.8.4/../../../../arm-none-eabi/lib/armv7-m\libc.a(lib_a-impure.o)
                              c:/program files (x86)/atmel/atmel toolchain/arm gcc/native/4.8.1437/arm-gnu-toolchain/bin/../lib/gcc/arm-none-eabi/4.8.4/../../../../arm-none-eabi/lib/armv7-m\libc.a(lib_a-exit.o) (_global_impure_ptr)
c:/program files (x86)/atmel/atmel toolchain/arm gcc/native/4.8.1437/arm-gnu-toolchain/bin/../lib/gcc/arm-none-eabi/4.8.4/../../../../arm-none-eabi/lib/armv7-m\libc.a(lib_a-init.o)
                              c:/program files (x86)/atmel/atmel toolchain/arm gcc/native/4.8.1437/arm-gnu-toolchain/bin/../lib/gcc/arm-none-eabi/4.8.4/../../../../arm-none-eabi/lib/armv7-m/crt0.o (__libc_init_array)
c:/program files (x86)/atmel/atmel toolchain/arm gcc/native/4.8.1437/arm-gnu-toolchain/bin/../lib/gcc/arm-none-eabi/4.8.4/../../../../arm-none-eabi/lib/armv7-m\libc.a(lib_a-memset.o)
                              c:/program files (x86)/atmel/atmel toolchain/arm gcc/native/4.8.1437/arm-gnu-toolchain/bin/../lib/gcc/arm-none-eabi/4.8.4/../../../../arm-none-eabi/lib/armv7-m/crt0.o (memset)
c:/program files (x86)/atmel/atmel toolchain/arm gcc/native/4.8.1437/arm-gnu-toolchain/bin/../lib/gcc/arm-none-eabi/4.8.4/../../../../arm-none-eabi/lib/armv7-m\libc.a(lib_a-__call_atexit.o)
                              c:/program files (x86)/atmel/atmel toolchain/arm gcc/native/4.8.1437/arm-gnu-toolchain/bin/../lib/gcc/arm-none-eabi/4.8.4/../../../../arm-none-eabi/lib/armv7-m\libc.a(lib_a-exit.o) (__call_exitprocs)
c:/program files (x86)/atmel/atmel toolchain/arm gcc/native/4.8.1437/arm-gnu-toolchain/bin/../lib/gcc/arm-none-eabi/4.8.4/../../../../arm-none-eabi/lib/armv7-m\libc.a(lib_a-atexit.o)
                              c:/program files (x86)/atmel/atmel toolchain/arm gcc/native/4.8.1437/arm-gnu-toolchain/bin/../lib/gcc/arm-none-eabi/4.8.4/../../../../arm-none-eabi/lib/armv7-m\libc.a(lib_a-__call_atexit.o) (atexit)
c:/program files (x86)/atmel/atmel toolchain/arm gcc/native/4.8.1437/arm-gnu-toolchain/bin/../lib/gcc/arm-none-eabi/4.8.4/../../../../arm-none-eabi/lib/armv7-m\libc.a(lib_a-fini.o)
                              c:/program files (x86)/atmel/atmel toolchain/arm gcc/native/4.8.1437/arm-gnu-toolchain/bin/../lib/gcc/arm-none-eabi/4.8.4/../../../../arm-none-eabi/lib/armv7-m\libc.a(lib_a-__call_atexit.o) (__libc_fini_array)
c:/program files (x86)/atmel/atmel toolchain/arm gcc/native/4.8.1437/arm-gnu-toolchain/bin/../lib/gcc/arm-none-eabi/4.8.4/../../../../arm-none-eabi/lib/armv7-m\libc.a(lib_a-__atexit.o)
                              c:/program files (x86)/atmel/atmel toolchain/arm gcc/native/4.8.1437/arm-gnu-toolchain/bin/../lib/gcc/arm-none-eabi/4.8.4/../../../../arm-none-eabi/lib/armv7-m\libc.a(lib_a-atexit.o) (__register_exitproc)

Discarded input sections

 .text          0x00000000        0x0 c:/program files (x86)/atmel/atmel toolchain/arm gcc/native/4.8.1437/arm-gnu-toolchain/bin/../lib/gcc/arm-none-eabi/4.8.4/armv7-m/crti.o
 .data          0x00000000        0x0 c:/program files (x86)/atmel/atmel toolchain/arm gcc/native/4.8.1437/arm-gnu-toolchain/bin/../lib/gcc/arm-none-eabi/4.8.4/armv7-m/crti.o
 .bss           0x00000000        0x0 c:/program files (x86)/atmel/atmel toolchain/arm gcc/native/4.8.1437/arm-gnu-toolchain/bin/../lib/gcc/arm-none-eabi/4.8.4/armv7-m/crti.o
 .data          0x00000000        0x4 c:/program files (x86)/atmel/atmel toolchain/arm gcc/native/4.8.1437/arm-gnu-toolchain/bin/../lib/gcc/arm-none-eabi/4.8.4/armv7-m/crtbegin.o
 .text          0x00000000       0x74 c:/program files (x86)/atmel/atmel toolchain/arm gcc/native/4.8.1437/arm-gnu-toolchain/bin/../lib/gcc/arm-none-eabi/4.8.4/../../../../arm-none-eabi/lib/armv7-m/crt0.o
 .data          0x00000000        0x0 c:/program files (x86)/atmel/atmel toolchain/arm gcc/native/4.8.1437/arm-gnu-toolchain/bin/../lib/gcc/arm-none-eabi/4.8.4/../../../../arm-none-eabi/lib/armv7-m/crt0.o
 .bss           0x00000000        0x0 c:/program files (x86)/atmel/atmel toolchain/arm gcc/native/4.8.1437/arm-gnu-toolchain/bin/../lib/gcc/arm-none-eabi/4.8.4/../../../../arm-none-eabi/lib/armv7-m/crt0.o
 .ARM.extab     0x00000000        0x0 c:/program files (x86)/atmel/atmel toolchain/arm gcc/native/4.8.1437/arm-gnu-toolchain/bin/../lib/gcc/arm-none-eabi/4.8.4/../../../../arm-none-eabi/lib/armv7-m/crt0.o
 .ARM.exidx     0x00000000        0x8 c:/program files (x86)/atmel/atmel toolchain/arm gcc/native/4.8.1437/arm-gnu-toolchain/bin/../lib/gcc/arm-none-eabi/4.8.4/../../../../arm-none-eabi/lib/armv7-m/crt0.o
 .ARM.attributes
                0x00000000       0x1b c:/program files (x86)/atmel/atmel toolchain/arm gcc/native/4.8.1437/arm-gnu-toolchain/bin/../lib/gcc/arm-none-eabi/4.8.4/../../../../arm-none-eabi/lib/armv7-m/crt0.o
 .group         0x00000000        0x8 Blink2.o
 .group         0x00000000        0x8 Blink2.o
 .group         0x00000000        0x8 Blink2.o
 .group         0x00000000        0x8 Blink2.o
 .group         0x00000000        0x8 Blink2.o
 .group         0x00000000        0x8 Blink2.o
 .group         0x00000000        0x8 Blink2.o
 .group         0x00000000        0x8 Blink2.o
 .group         0x00000000        0x8 Blink2.o
 .group         0x00000000        0x8 Blink2.o
 .group         0x00000000        0x8 Blink2.o
 .group         0x00000000        0x8 Blink2.o
 .group         0x00000000        0x8 Blink2.o
 .group         0x00000000        0x8 Blink2.o
 .group         0x00000000        0x8 Blink2.o
 .group         0x00000000        0x8 Blink2.o
 .group         0x00000000        0x8 Blink2.o
 .group         0x00000000        0x8 Blink2.o
 .group         0x00000000        0x8 Blink2.o
 .group         0x00000000        0x8 Blink2.o
 .group         0x00000000        0x8 Blink2.o
 .group         0x00000000        0x8 Blink2.o
 .group         0x00000000        0x8 Blink2.o
 .group         0x00000000        0x8 Blink2.o
 .group         0x00000000        0x8 Blink2.o
 .group         0x00000000        0x8 Blink2.o
 .group         0x00000000        0x8 Blink2.o
 .group         0x00000000        0x8 Blink2.o
 .group         0x00000000        0x8 Blink2.o
 .group         0x00000000        0x8 Blink2.o
 .group         0x00000000        0x8 Blink2.o
 .group         0x00000000        0x8 Blink2.o
 .group         0x00000000        0x8 Blink2.o
 .group         0x00000000        0x8 Blink2.o
 .group         0x00000000        0x8 Blink2.o
 .group         0x00000000        0x8 Blink2.o
 .group         0x00000000        0x8 Blink2.o
 .group         0x00000000        0x8 Blink2.o
 .group         0x00000000        0x8 Blink2.o
 .group         0x00000000        0x8 Blink2.o
 .group         0x00000000        0x8 Blink2.o
 .group         0x00000000        0x8 Blink2.o
 .group         0x00000000        0x8 Blink2.o
 .group         0x00000000        0x8 Blink2.o
 .group         0x00000000        0x8 Blink2.o
 .group         0x00000000        0x8 Blink2.o
 .group         0x00000000        0x8 Blink2.o
 .group         0x00000000        0x8 Blink2.o
 .group         0x00000000        0x8 Blink2.o
 .group         0x00000000        0x8 Blink2.o
 .group         0x00000000        0x8 Blink2.o
 .group         0x00000000        0x8 Blink2.o
 .group         0x00000000        0x8 Blink2.o
 .group         0x00000000        0x8 Blink2.o
 .group         0x00000000        0x8 Blink2.o
 .group         0x00000000        0x8 Blink2.o
 .group         0x00000000        0x8 Blink2.o
 .group         0x00000000        0x8 Blink2.o
 .group         0x00000000        0x8 Blink2.o
 .group         0x00000000        0x8 Blink2.o
 .group         0x00000000        0x8 Blink2.o
 .group         0x00000000        0x8 Blink2.o
 .group         0x00000000        0x8 Blink2.o
 .group         0x00000000        0x8 Blink2.o
 .group         0x00000000        0x8 Blink2.o
 .group         0x00000000        0x8 Blink2.o
 .group         0x00000000        0x8 Blink2.o
 .group         0x00000000        0x8 Blink2.o
 .group         0x00000000        0x8 Blink2.o
 .group         0x00000000        0x8 Blink2.o
 .group         0x00000000        0x8 Blink2.o
 .group         0x00000000        0x8 Blink2.o
 .text          0x00000000        0x0 Blink2.o
 .data          0x00000000        0x0 Blink2.o
 .bss           0x00000000        0x0 Blink2.o
 .group         0x00000000        0x8 cmsis/src/startup_sam3xa.o
 .group         0x00000000        0x8 cmsis/src/startup_sam3xa.o
 .group         0x00000000        0x8 cmsis/src/startup_sam3xa.o
 .group         0x00000000        0x8 cmsis/src/startup_sam3xa.o
 .group         0x00000000        0x8 cmsis/src/startup_sam3xa.o
 .group         0x00000000        0x8 cmsis/src/startup_sam3xa.o
 .group         0x00000000        0x8 cmsis/src/startup_sam3xa.o
 .group         0x00000000        0x8 cmsis/src/startup_sam3xa.o
 .group         0x00000000        0x8 cmsis/src/startup_sam3xa.o
 .group         0x00000000        0x8 cmsis/src/startup_sam3xa.o
 .group         0x00000000        0x8 cmsis/src/startup_sam3xa.o
 .group         0x00000000        0x8 cmsis/src/startup_sam3xa.o
 .group         0x00000000        0x8 cmsis/src/startup_sam3xa.o
 .group         0x00000000        0x8 cmsis/src/startup_sam3xa.o
 .group         0x00000000        0x8 cmsis/src/startup_sam3xa.o
 .group         0x00000000        0x8 cmsis/src/startup_sam3xa.o
 .group         0x00000000        0x8 cmsis/src/startup_sam3xa.o
 .group         0x00000000        0x8 cmsis/src/startup_sam3xa.o
 .group         0x00000000        0x8 cmsis/src/startup_sam3xa.o
 .group         0x00000000        0x8 cmsis/src/startup_sam3xa.o
 .group         0x00000000        0x8 cmsis/src/startup_sam3xa.o
 .group         0x00000000        0x8 cmsis/src/startup_sam3xa.o
 .group         0x00000000        0x8 cmsis/src/startup_sam3xa.o
 .group         0x00000000        0x8 cmsis/src/startup_sam3xa.o
 .group         0x00000000        0x8 cmsis/src/startup_sam3xa.o
 .group         0x00000000        0x8 cmsis/src/startup_sam3xa.o
 .group         0x00000000        0x8 cmsis/src/startup_sam3xa.o
 .group         0x00000000        0x8 cmsis/src/startup_sam3xa.o
 .group         0x00000000        0x8 cmsis/src/startup_sam3xa.o
 .group         0x00000000        0x8 cmsis/src/startup_sam3xa.o
 .group         0x00000000        0x8 cmsis/src/startup_sam3xa.o
 .group         0x00000000        0x8 cmsis/src/startup_sam3xa.o
 .group         0x00000000        0x8 cmsis/src/startup_sam3xa.o
 .group         0x00000000        0x8 cmsis/src/startup_sam3xa.o
 .group         0x00000000        0x8 cmsis/src/startup_sam3xa.o
 .group         0x00000000        0x8 cmsis/src/startup_sam3xa.o
 .group         0x00000000        0x8 cmsis/src/startup_sam3xa.o
 .group         0x00000000        0x8 cmsis/src/startup_sam3xa.o
 .group         0x00000000        0x8 cmsis/src/startup_sam3xa.o
 .group         0x00000000        0x8 cmsis/src/startup_sam3xa.o
 .group         0x00000000        0x8 cmsis/src/startup_sam3xa.o
 .group         0x00000000        0x8 cmsis/src/startup_sam3xa.o
 .group         0x00000000        0x8 cmsis/src/startup_sam3xa.o
 .group         0x00000000        0x8 cmsis/src/startup_sam3xa.o
 .group         0x00000000        0x8 cmsis/src/startup_sam3xa.o
 .group         0x00000000        0x8 cmsis/src/startup_sam3xa.o
 .group         0x00000000        0x8 cmsis/src/startup_sam3xa.o
 .group         0x00000000        0x8 cmsis/src/startup_sam3xa.o
 .group         0x00000000        0x8 cmsis/src/startup_sam3xa.o
 .group         0x00000000        0x8 cmsis/src/startup_sam3xa.o
 .group         0x00000000        0x8 cmsis/src/startup_sam3xa.o
 .group         0x00000000        0x8 cmsis/src/startup_sam3xa.o
 .group         0x00000000        0x8 cmsis/src/startup_sam3xa.o
 .group         0x00000000        0x8 cmsis/src/startup_sam3xa.o
 .group         0x00000000        0x8 cmsis/src/startup_sam3xa.o
 .group         0x00000000        0x8 cmsis/src/startup_sam3xa.o
 .group         0x00000000        0x8 cmsis/src/startup_sam3xa.o
 .group         0x00000000        0x8 cmsis/src/startup_sam3xa.o
 .group         0x00000000        0x8 cmsis/src/startup_sam3xa.o
 .group         0x00000000        0x8 cmsis/src/startup_sam3xa.o
 .group         0x00000000        0x8 cmsis/src/startup_sam3xa.o
 .group         0x00000000        0x8 cmsis/src/startup_sam3xa.o
 .group         0x00000000        0x8 cmsis/src/startup_sam3xa.o
 .group         0x00000000        0x8 cmsis/src/startup_sam3xa.o
 .group         0x00000000        0x8 cmsis/src/startup_sam3xa.o
 .group         0x00000000        0x8 cmsis/src/startup_sam3xa.o
 .group         0x00000000        0x8 cmsis/src/startup_sam3xa.o
 .group         0x00000000        0x8 cmsis/src/startup_sam3xa.o
 .group         0x00000000        0x8 cmsis/src/startup_sam3xa.o
 .group         0x00000000        0x8 cmsis/src/startup_sam3xa.o
 .group         0x00000000        0x8 cmsis/src/startup_sam3xa.o
 .text          0x00000000        0x0 cmsis/src/startup_sam3xa.o
 .data          0x00000000        0x0 cmsis/src/startup_sam3xa.o
 .bss           0x00000000        0x0 cmsis/src/startup_sam3xa.o
 .debug_macro   0x00000000      0x856 cmsis/src/startup_sam3xa.o
 .debug_macro   0x00000000       0x16 cmsis/src/startup_sam3xa.o
 .debug_macro   0x00000000       0x44 cmsis/src/startup_sam3xa.o
 .debug_macro   0x00000000      0x209 cmsis/src/startup_sam3xa.o
 .debug_macro   0x00000000       0x20 cmsis/src/startup_sam3xa.o
 .debug_macro   0x00000000       0x3a cmsis/src/startup_sam3xa.o
 .debug_macro   0x00000000       0x2d cmsis/src/startup_sam3xa.o
 .debug_macro   0x00000000      0xbb1 cmsis/src/startup_sam3xa.o
 .debug_macro   0x00000000      0xa7d cmsis/src/startup_sam3xa.o
 .debug_macro   0x00000000      0x55a cmsis/src/startup_sam3xa.o
 .debug_macro   0x00000000      0x1a8 cmsis/src/startup_sam3xa.o
 .debug_macro   0x00000000      0x30b cmsis/src/startup_sam3xa.o
 .debug_macro   0x00000000      0x709 cmsis/src/startup_sam3xa.o
 .debug_macro   0x00000000       0xd6 cmsis/src/startup_sam3xa.o
 .debug_macro   0x00000000      0x56c cmsis/src/startup_sam3xa.o
 .debug_macro   0x00000000       0x1c cmsis/src/startup_sam3xa.o
 .debug_macro   0x00000000      0x678 cmsis/src/startup_sam3xa.o
 .debug_macro   0x00000000      0x51e cmsis/src/startup_sam3xa.o
 .debug_macro   0x00000000       0xbe cmsis/src/startup_sam3xa.o
 .debug_macro   0x00000000     0x2333 cmsis/src/startup_sam3xa.o
 .debug_macro   0x00000000      0x7d1 cmsis/src/startup_sam3xa.o
 .debug_macro   0x00000000      0xdbb cmsis/src/startup_sam3xa.o
 .debug_macro   0x00000000       0x9a cmsis/src/startup_sam3xa.o
 .debug_macro   0x00000000      0x29c cmsis/src/startup_sam3xa.o
 .debug_macro   0x00000000       0x58 cmsis/src/startup_sam3xa.o
 .debug_macro   0x00000000      0x22d cmsis/src/startup_sam3xa.o
 .debug_macro   0x00000000      0x4b4 cmsis/src/startup_sam3xa.o
 .debug_macro   0x00000000      0x64a cmsis/src/startup_sam3xa.o
 .debug_macro   0x00000000      0x590 cmsis/src/startup_sam3xa.o
 .debug_macro   0x00000000       0x46 cmsis/src/startup_sam3xa.o
 .debug_macro   0x00000000      0x33f cmsis/src/startup_sam3xa.o
 .debug_macro   0x00000000      0x27e cmsis/src/startup_sam3xa.o
 .debug_macro   0x00000000     0x14dc cmsis/src/startup_sam3xa.o
 .debug_macro   0x00000000      0x7cf cmsis/src/startup_sam3xa.o
 .debug_macro   0x00000000       0x76 cmsis/src/startup_sam3xa.o
 .debug_macro   0x00000000       0x82 cmsis/src/startup_sam3xa.o
 .debug_macro   0x00000000       0x76 cmsis/src/startup_sam3xa.o
 .debug_macro   0x00000000       0x4c cmsis/src/startup_sam3xa.o
 .debug_macro   0x00000000      0x100 cmsis/src/startup_sam3xa.o
 .debug_macro   0x00000000      0x100 cmsis/src/startup_sam3xa.o
 .debug_macro   0x00000000       0x88 cmsis/src/startup_sam3xa.o
 .debug_macro   0x00000000       0x88 cmsis/src/startup_sam3xa.o
 .debug_macro   0x00000000      0x3b4 cmsis/src/startup_sam3xa.o
 .debug_macro   0x00000000       0xbe cmsis/src/startup_sam3xa.o
 .debug_macro   0x00000000       0xbe cmsis/src/startup_sam3xa.o
 .debug_macro   0x00000000       0xbe cmsis/src/startup_sam3xa.o
 .debug_macro   0x00000000      0x2b8 cmsis/src/startup_sam3xa.o
 .debug_macro   0x00000000      0x118 cmsis/src/startup_sam3xa.o
 .debug_macro   0x00000000      0x216 cmsis/src/startup_sam3xa.o
 .debug_macro   0x00000000      0x216 cmsis/src/startup_sam3xa.o
 .debug_macro   0x00000000       0x2e cmsis/src/startup_sam3xa.o
 .debug_macro   0x00000000       0xac cmsis/src/startup_sam3xa.o
 .debug_macro   0x00000000      0x13e cmsis/src/startup_sam3xa.o
 .debug_macro   0x00000000       0x7c cmsis/src/startup_sam3xa.o
 .debug_macro   0x00000000       0x64 cmsis/src/startup_sam3xa.o
 .debug_macro   0x00000000       0xa6 cmsis/src/startup_sam3xa.o
 .debug_macro   0x00000000       0x7c cmsis/src/startup_sam3xa.o
 .debug_macro   0x00000000       0x16 cmsis/src/startup_sam3xa.o
 .debug_macro   0x00000000       0x22 cmsis/src/startup_sam3xa.o
 .debug_macro   0x00000000       0x22 cmsis/src/startup_sam3xa.o
 .debug_macro   0x00000000      0x10c cmsis/src/startup_sam3xa.o
 .debug_macro   0x00000000      0x10c cmsis/src/startup_sam3xa.o
 .debug_macro   0x00000000       0x1c cmsis/src/startup_sam3xa.o
 .debug_macro   0x00000000       0x2e cmsis/src/startup_sam3xa.o
 .debug_macro   0x00000000       0x22 cmsis/src/startup_sam3xa.o
 .debug_macro   0x00000000       0x1c cmsis/src/startup_sam3xa.o
 .debug_macro   0x00000000       0x58 cmsis/src/startup_sam3xa.o
 .debug_macro   0x00000000       0x10 cmsis/src/startup_sam3xa.o
 .debug_macro   0x00000000      0x21f cmsis/src/startup_sam3xa.o
 .debug_macro   0x00000000      0x800 cmsis/src/startup_sam3xa.o
 .debug_macro   0x00000000      0x169 cmsis/src/startup_sam3xa.o
 .group         0x00000000        0x8 cmsis/src/system_sam3xa.o
 .group         0x00000000        0x8 cmsis/src/system_sam3xa.o
 .group         0x00000000        0x8 cmsis/src/system_sam3xa.o
 .group         0x00000000        0x8 cmsis/src/system_sam3xa.o
 .group         0x00000000        0x8 cmsis/src/system_sam3xa.o
 .group         0x00000000        0x8 cmsis/src/system_sam3xa.o
 .group         0x00000000        0x8 cmsis/src/system_sam3xa.o
 .group         0x00000000        0x8 cmsis/src/system_sam3xa.o
 .group         0x00000000        0x8 cmsis/src/system_sam3xa.o
 .group         0x00000000        0x8 cmsis/src/system_sam3xa.o
 .group         0x00000000        0x8 cmsis/src/system_sam3xa.o
 .group         0x00000000        0x8 cmsis/src/system_sam3xa.o
 .group         0x00000000        0x8 cmsis/src/system_sam3xa.o
 .group         0x00000000        0x8 cmsis/src/system_sam3xa.o
 .group         0x00000000        0x8 cmsis/src/system_sam3xa.o
 .group         0x00000000        0x8 cmsis/src/system_sam3xa.o
 .group         0x00000000        0x8 cmsis/src/system_sam3xa.o
 .group         0x00000000        0x8 cmsis/src/system_sam3xa.o
 .group         0x00000000        0x8 cmsis/src/system_sam3xa.o
 .group         0x00000000        0x8 cmsis/src/system_sam3xa.o
 .group         0x00000000        0x8 cmsis/src/system_sam3xa.o
 .group         0x00000000        0x8 cmsis/src/system_sam3xa.o
 .group         0x00000000        0x8 cmsis/src/system_sam3xa.o
 .group         0x00000000        0x8 cmsis/src/system_sam3xa.o
 .group         0x00000000        0x8 cmsis/src/system_sam3xa.o
 .group         0x00000000        0x8 cmsis/src/system_sam3xa.o
 .group         0x00000000        0x8 cmsis/src/system_sam3xa.o
 .group         0x00000000        0x8 cmsis/src/system_sam3xa.o
 .group         0x00000000        0x8 cmsis/src/system_sam3xa.o
 .group         0x00000000        0x8 cmsis/src/system_sam3xa.o
 .group         0x00000000        0x8 cmsis/src/system_sam3xa.o
 .group         0x00000000        0x8 cmsis/src/system_sam3xa.o
 .group         0x00000000        0x8 cmsis/src/system_sam3xa.o
 .group         0x00000000        0x8 cmsis/src/system_sam3xa.o
 .group         0x00000000        0x8 cmsis/src/system_sam3xa.o
 .group         0x00000000        0x8 cmsis/src/system_sam3xa.o
 .group         0x00000000        0x8 cmsis/src/system_sam3xa.o
 .group         0x00000000        0x8 cmsis/src/system_sam3xa.o
 .group         0x00000000        0x8 cmsis/src/system_sam3xa.o
 .group         0x00000000        0x8 cmsis/src/system_sam3xa.o
 .group         0x00000000        0x8 cmsis/src/system_sam3xa.o
 .group         0x00000000        0x8 cmsis/src/system_sam3xa.o
 .group         0x00000000        0x8 cmsis/src/system_sam3xa.o
 .group         0x00000000        0x8 cmsis/src/system_sam3xa.o
 .group         0x00000000        0x8 cmsis/src/system_sam3xa.o
 .group         0x00000000        0x8 cmsis/src/system_sam3xa.o
 .group         0x00000000        0x8 cmsis/src/system_sam3xa.o
 .group         0x00000000        0x8 cmsis/src/system_sam3xa.o
 .group         0x00000000        0x8 cmsis/src/system_sam3xa.o
 .group         0x00000000        0x8 cmsis/src/system_sam3xa.o
 .group         0x00000000        0x8 cmsis/src/system_sam3xa.o
 .group         0x00000000        0x8 cmsis/src/system_sam3xa.o
 .group         0x00000000        0x8 cmsis/src/system_sam3xa.o
 .group         0x00000000        0x8 cmsis/src/system_sam3xa.o
 .group         0x00000000        0x8 cmsis/src/system_sam3xa.o
 .group         0x00000000        0x8 cmsis/src/system_sam3xa.o
 .group         0x00000000        0x8 cmsis/src/system_sam3xa.o
 .group         0x00000000        0x8 cmsis/src/system_sam3xa.o
 .group         0x00000000        0x8 cmsis/src/system_sam3xa.o
 .group         0x00000000        0x8 cmsis/src/system_sam3xa.o
 .group         0x00000000        0x8 cmsis/src/system_sam3xa.o
 .group         0x00000000        0x8 cmsis/src/system_sam3xa.o
 .group         0x00000000        0x8 cmsis/src/system_sam3xa.o
 .group         0x00000000        0x8 cmsis/src/system_sam3xa.o
 .group         0x00000000        0x8 cmsis/src/system_sam3xa.o
 .group         0x00000000        0x8 cmsis/src/system_sam3xa.o
 .group         0x00000000        0x8 cmsis/src/system_sam3xa.o
 .group         0x00000000        0x8 cmsis/src/system_sam3xa.o
 .group         0x00000000        0x8 cmsis/src/system_sam3xa.o
 .group         0x00000000        0x8 cmsis/src/system_sam3xa.o
 .group         0x00000000        0x8 cmsis/src/system_sam3xa.o
 .text          0x00000000        0x0 cmsis/src/system_sam3xa.o
 .bss           0x00000000        0x0 cmsis/src/system_sam3xa.o
 .text.SystemCoreClockUpdate
                0x00000000      0x11c cmsis/src/system_sam3xa.o
 .text.system_init_flash
                0x00000000       0x70 cmsis/src/system_sam3xa.o
 .debug_macro   0x00000000      0x856 cmsis/src/system_sam3xa.o
 .debug_macro   0x00000000       0x16 cmsis/src/system_sam3xa.o
 .debug_macro   0x00000000       0x44 cmsis/src/system_sam3xa.o
 .debug_macro   0x00000000      0x209 cmsis/src/system_sam3xa.o
 .debug_macro   0x00000000       0x20 cmsis/src/system_sam3xa.o
 .debug_macro   0x00000000       0x3a cmsis/src/system_sam3xa.o
 .debug_macro   0x00000000       0x2d cmsis/src/system_sam3xa.o
 .debug_macro   0x00000000      0xbb1 cmsis/src/system_sam3xa.o
 .debug_macro   0x00000000      0xa7d cmsis/src/system_sam3xa.o
 .debug_macro   0x00000000      0x55a cmsis/src/system_sam3xa.o
 .debug_macro   0x00000000      0x1a8 cmsis/src/system_sam3xa.o
 .debug_macro   0x00000000      0x30b cmsis/src/system_sam3xa.o
 .debug_macro   0x00000000      0x709 cmsis/src/system_sam3xa.o
 .debug_macro   0x00000000       0xd6 cmsis/src/system_sam3xa.o
 .debug_macro   0x00000000      0x56c cmsis/src/system_sam3xa.o
 .debug_macro   0x00000000       0x1c cmsis/src/system_sam3xa.o
 .debug_macro   0x00000000      0x678 cmsis/src/system_sam3xa.o
 .debug_macro   0x00000000      0x51e cmsis/src/system_sam3xa.o
 .debug_macro   0x00000000       0xbe cmsis/src/system_sam3xa.o
 .debug_macro   0x00000000     0x2333 cmsis/src/system_sam3xa.o
 .debug_macro   0x00000000      0x7d1 cmsis/src/system_sam3xa.o
 .debug_macro   0x00000000      0xdbb cmsis/src/system_sam3xa.o
 .debug_macro   0x00000000       0x9a cmsis/src/system_sam3xa.o
 .debug_macro   0x00000000      0x29c cmsis/src/system_sam3xa.o
 .debug_macro   0x00000000       0x58 cmsis/src/system_sam3xa.o
 .debug_macro   0x00000000      0x22d cmsis/src/system_sam3xa.o
 .debug_macro   0x00000000      0x4b4 cmsis/src/system_sam3xa.o
 .debug_macro   0x00000000      0x64a cmsis/src/system_sam3xa.o
 .debug_macro   0x00000000      0x590 cmsis/src/system_sam3xa.o
 .debug_macro   0x00000000       0x46 cmsis/src/system_sam3xa.o
 .debug_macro   0x00000000      0x33f cmsis/src/system_sam3xa.o
 .debug_macro   0x00000000      0x27e cmsis/src/system_sam3xa.o
 .debug_macro   0x00000000     0x14dc cmsis/src/system_sam3xa.o
 .debug_macro   0x00000000      0x7cf cmsis/src/system_sam3xa.o
 .debug_macro   0x00000000       0x76 cmsis/src/system_sam3xa.o
 .debug_macro   0x00000000       0x82 cmsis/src/system_sam3xa.o
 .debug_macro   0x00000000       0x76 cmsis/src/system_sam3xa.o
 .debug_macro   0x00000000       0x4c cmsis/src/system_sam3xa.o
 .debug_macro   0x00000000      0x100 cmsis/src/system_sam3xa.o
 .debug_macro   0x00000000      0x100 cmsis/src/system_sam3xa.o
 .debug_macro   0x00000000       0x88 cmsis/src/system_sam3xa.o
 .debug_macro   0x00000000       0x88 cmsis/src/system_sam3xa.o
 .debug_macro   0x00000000      0x3b4 cmsis/src/system_sam3xa.o
 .debug_macro   0x00000000       0xbe cmsis/src/system_sam3xa.o
 .debug_macro   0x00000000       0xbe cmsis/src/system_sam3xa.o
 .debug_macro   0x00000000       0xbe cmsis/src/system_sam3xa.o
 .debug_macro   0x00000000      0x2b8 cmsis/src/system_sam3xa.o
 .debug_macro   0x00000000      0x118 cmsis/src/system_sam3xa.o
 .debug_macro   0x00000000      0x216 cmsis/src/system_sam3xa.o
 .debug_macro   0x00000000      0x216 cmsis/src/system_sam3xa.o
 .debug_macro   0x00000000       0x2e cmsis/src/system_sam3xa.o
 .debug_macro   0x00000000       0xac cmsis/src/system_sam3xa.o
 .debug_macro   0x00000000      0x13e cmsis/src/system_sam3xa.o
 .debug_macro   0x00000000       0x7c cmsis/src/system_sam3xa.o
 .debug_macro   0x00000000       0x64 cmsis/src/system_sam3xa.o
 .debug_macro   0x00000000       0xa6 cmsis/src/system_sam3xa.o
 .debug_macro   0x00000000       0x7c cmsis/src/system_sam3xa.o
 .debug_macro   0x00000000       0x16 cmsis/src/system_sam3xa.o
 .debug_macro   0x00000000       0x22 cmsis/src/system_sam3xa.o
 .debug_macro   0x00000000       0x22 cmsis/src/system_sam3xa.o
 .debug_macro   0x00000000      0x10c cmsis/src/system_sam3xa.o
 .debug_macro   0x00000000      0x10c cmsis/src/system_sam3xa.o
 .debug_macro   0x00000000       0x1c cmsis/src/system_sam3xa.o
 .debug_macro   0x00000000       0x2e cmsis/src/system_sam3xa.o
 .debug_macro   0x00000000       0x22 cmsis/src/system_sam3xa.o
 .debug_macro   0x00000000       0x1c cmsis/src/system_sam3xa.o
 .debug_macro   0x00000000       0x58 cmsis/src/system_sam3xa.o
 .debug_macro   0x00000000       0x10 cmsis/src/system_sam3xa.o
 .debug_macro   0x00000000      0x21f cmsis/src/system_sam3xa.o
 .debug_macro   0x00000000      0x800 cmsis/src/system_sam3xa.o
 .debug_macro   0x00000000      0x169 cmsis/src/system_sam3xa.o
 .text          0x00000000        0x0 c:/program files (x86)/atmel/atmel toolchain/arm gcc/native/4.8.1437/arm-gnu-toolchain/bin/../lib/gcc/arm-none-eabi/4.8.4/../../../../arm-none-eabi/lib/armv7-m\libc.a(lib_a-exit.o)
 .data          0x00000000        0x0 c:/program files (x86)/atmel/atmel toolchain/arm gcc/native/4.8.1437/arm-gnu-toolchain/bin/../lib/gcc/arm-none-eabi/4.8.4/../../../../arm-none-eabi/lib/armv7-m\libc.a(lib_a-exit.o)
 .bss           0x00000000        0x0 c:/program files (x86)/atmel/atmel toolchain/arm gcc/native/4.8.1437/arm-gnu-toolchain/bin/../lib/gcc/arm-none-eabi/4.8.4/../../../../arm-none-eabi/lib/armv7-m\libc.a(lib_a-exit.o)
 .text.exit     0x00000000       0x20 c:/program files (x86)/atmel/atmel toolchain/arm gcc/native/4.8.1437/arm-gnu-toolchain/bin/../lib/gcc/arm-none-eabi/4.8.4/../../../../arm-none-eabi/lib/armv7-m\libc.a(lib_a-exit.o)
 .ARM.attributes
                0x00000000       0x2d c:/program files (x86)/atmel/atmel toolchain/arm gcc/native/4.8.1437/arm-gnu-toolchain/bin/../lib/gcc/arm-none-eabi/4.8.4/../../../../arm-none-eabi/lib/armv7-m\libc.a(lib_a-exit.o)
 .debug_frame   0x00000000       0x28 c:/program files (x86)/atmel/atmel toolchain/arm gcc/native/4.8.1437/arm-gnu-toolchain/bin/../lib/gcc/arm-none-eabi/4.8.4/../../../../arm-none-eabi/lib/armv7-m\libc.a(lib_a-exit.o)
 .text          0x00000000        0x0 c:/program files (x86)/atmel/atmel toolchain/arm gcc/native/4.8.1437/arm-gnu-toolchain/bin/../lib/gcc/arm-none-eabi/4.8.4/../../../../arm-none-eabi/lib/armv7-m\libc.a(lib_a-impure.o)
 .data          0x00000000        0x0 c:/program files (x86)/atmel/atmel toolchain/arm gcc/native/4.8.1437/arm-gnu-toolchain/bin/../lib/gcc/arm-none-eabi/4.8.4/../../../../arm-none-eabi/lib/armv7-m\libc.a(lib_a-impure.o)
 .bss           0x00000000        0x0 c:/program files (x86)/atmel/atmel toolchain/arm gcc/native/4.8.1437/arm-gnu-toolchain/bin/../lib/gcc/arm-none-eabi/4.8.4/../../../../arm-none-eabi/lib/armv7-m\libc.a(lib_a-impure.o)
 .data._impure_ptr
                0x00000000        0x4 c:/program files (x86)/atmel/atmel toolchain/arm gcc/native/4.8.1437/arm-gnu-toolchain/bin/../lib/gcc/arm-none-eabi/4.8.4/../../../../arm-none-eabi/lib/armv7-m\libc.a(lib_a-impure.o)
 .text          0x00000000        0x0 c:/program files (x86)/atmel/atmel toolchain/arm gcc/native/4.8.1437/arm-gnu-toolchain/bin/../lib/gcc/arm-none-eabi/4.8.4/../../../../arm-none-eabi/lib/armv7-m\libc.a(lib_a-init.o)
 .data          0x00000000        0x0 c:/program files (x86)/atmel/atmel toolchain/arm gcc/native/4.8.1437/arm-gnu-toolchain/bin/../lib/gcc/arm-none-eabi/4.8.4/../../../../arm-none-eabi/lib/armv7-m\libc.a(lib_a-init.o)
 .bss           0x00000000        0x0 c:/program files (x86)/atmel/atmel toolchain/arm gcc/native/4.8.1437/arm-gnu-toolchain/bin/../lib/gcc/arm-none-eabi/4.8.4/../../../../arm-none-eabi/lib/armv7-m\libc.a(lib_a-init.o)
 .text          0x00000000        0x0 c:/program files (x86)/atmel/atmel toolchain/arm gcc/native/4.8.1437/arm-gnu-toolchain/bin/../lib/gcc/arm-none-eabi/4.8.4/../../../../arm-none-eabi/lib/armv7-m\libc.a(lib_a-memset.o)
 .data          0x00000000        0x0 c:/program files (x86)/atmel/atmel toolchain/arm gcc/native/4.8.1437/arm-gnu-toolchain/bin/../lib/gcc/arm-none-eabi/4.8.4/../../../../arm-none-eabi/lib/armv7-m\libc.a(lib_a-memset.o)
 .bss           0x00000000        0x0 c:/program files (x86)/atmel/atmel toolchain/arm gcc/native/4.8.1437/arm-gnu-toolchain/bin/../lib/gcc/arm-none-eabi/4.8.4/../../../../arm-none-eabi/lib/armv7-m\libc.a(lib_a-memset.o)
 .text.memset   0x00000000       0x94 c:/program files (x86)/atmel/atmel toolchain/arm gcc/native/4.8.1437/arm-gnu-toolchain/bin/../lib/gcc/arm-none-eabi/4.8.4/../../../../arm-none-eabi/lib/armv7-m\libc.a(lib_a-memset.o)
 .ARM.attributes
                0x00000000       0x2d c:/program files (x86)/atmel/atmel toolchain/arm gcc/native/4.8.1437/arm-gnu-toolchain/bin/../lib/gcc/arm-none-eabi/4.8.4/../../../../arm-none-eabi/lib/armv7-m\libc.a(lib_a-memset.o)
 .debug_frame   0x00000000       0x2c c:/program files (x86)/atmel/atmel toolchain/arm gcc/native/4.8.1437/arm-gnu-toolchain/bin/../lib/gcc/arm-none-eabi/4.8.4/../../../../arm-none-eabi/lib/armv7-m\libc.a(lib_a-memset.o)
 .text          0x00000000        0x0 c:/program files (x86)/atmel/atmel toolchain/arm gcc/native/4.8.1437/arm-gnu-toolchain/bin/../lib/gcc/arm-none-eabi/4.8.4/../../../../arm-none-eabi/lib/armv7-m\libc.a(lib_a-__call_atexit.o)
 .data          0x00000000        0x0 c:/program files (x86)/atmel/atmel toolchain/arm gcc/native/4.8.1437/arm-gnu-toolchain/bin/../lib/gcc/arm-none-eabi/4.8.4/../../../../arm-none-eabi/lib/armv7-m\libc.a(lib_a-__call_atexit.o)
 .bss           0x00000000        0x0 c:/program files (x86)/atmel/atmel toolchain/arm gcc/native/4.8.1437/arm-gnu-toolchain/bin/../lib/gcc/arm-none-eabi/4.8.4/../../../../arm-none-eabi/lib/armv7-m\libc.a(lib_a-__call_atexit.o)
 .text.__call_exitprocs
                0x00000000       0xf0 c:/program files (x86)/atmel/atmel toolchain/arm gcc/native/4.8.1437/arm-gnu-toolchain/bin/../lib/gcc/arm-none-eabi/4.8.4/../../../../arm-none-eabi/lib/armv7-m\libc.a(lib_a-__call_atexit.o)
 .text          0x00000000        0x0 c:/program files (x86)/atmel/atmel toolchain/arm gcc/native/4.8.1437/arm-gnu-toolchain/bin/../lib/gcc/arm-none-eabi/4.8.4/../../../../arm-none-eabi/lib/armv7-m\libc.a(lib_a-atexit.o)
 .data          0x00000000        0x0 c:/program files (x86)/atmel/atmel toolchain/arm gcc/native/4.8.1437/arm-gnu-toolchain/bin/../lib/gcc/arm-none-eabi/4.8.4/../../../../arm-none-eabi/lib/armv7-m\libc.a(lib_a-atexit.o)
 .bss           0x00000000        0x0 c:/program files (x86)/atmel/atmel toolchain/arm gcc/native/4.8.1437/arm-gnu-toolchain/bin/../lib/gcc/arm-none-eabi/4.8.4/../../../../arm-none-eabi/lib/armv7-m\libc.a(lib_a-atexit.o)
 .text          0x00000000        0x0 c:/program files (x86)/atmel/atmel toolchain/arm gcc/native/4.8.1437/arm-gnu-toolchain/bin/../lib/gcc/arm-none-eabi/4.8.4/../../../../arm-none-eabi/lib/armv7-m\libc.a(lib_a-fini.o)
 .data          0x00000000        0x0 c:/program files (x86)/atmel/atmel toolchain/arm gcc/native/4.8.1437/arm-gnu-toolchain/bin/../lib/gcc/arm-none-eabi/4.8.4/../../../../arm-none-eabi/lib/armv7-m\libc.a(lib_a-fini.o)
 .bss           0x00000000        0x0 c:/program files (x86)/atmel/atmel toolchain/arm gcc/native/4.8.1437/arm-gnu-toolchain/bin/../lib/gcc/arm-none-eabi/4.8.4/../../../../arm-none-eabi/lib/armv7-m\libc.a(lib_a-fini.o)
 .text          0x00000000        0x0 c:/program files (x86)/atmel/atmel toolchain/arm gcc/native/4.8.1437/arm-gnu-toolchain/bin/../lib/gcc/arm-none-eabi/4.8.4/../../../../arm-none-eabi/lib/armv7-m\libc.a(lib_a-__atexit.o)
 .data          0x00000000        0x0 c:/program files (x86)/atmel/atmel toolchain/arm gcc/native/4.8.1437/arm-gnu-toolchain/bin/../lib/gcc/arm-none-eabi/4.8.4/../../../../arm-none-eabi/lib/armv7-m\libc.a(lib_a-__atexit.o)
 .bss           0x00000000        0x0 c:/program files (x86)/atmel/atmel toolchain/arm gcc/native/4.8.1437/arm-gnu-toolchain/bin/../lib/gcc/arm-none-eabi/4.8.4/../../../../arm-none-eabi/lib/armv7-m\libc.a(lib_a-__atexit.o)
 .text          0x00000000        0x0 c:/program files (x86)/atmel/atmel toolchain/arm gcc/native/4.8.1437/arm-gnu-toolchain/bin/../lib/gcc/arm-none-eabi/4.8.4/armv7-m/crtend.o
 .data          0x00000000        0x0 c:/program files (x86)/atmel/atmel toolchain/arm gcc/native/4.8.1437/arm-gnu-toolchain/bin/../lib/gcc/arm-none-eabi/4.8.4/armv7-m/crtend.o
 .bss           0x00000000        0x0 c:/program files (x86)/atmel/atmel toolchain/arm gcc/native/4.8.1437/arm-gnu-toolchain/bin/../lib/gcc/arm-none-eabi/4.8.4/armv7-m/crtend.o
 .eh_frame      0x00000000        0x4 c:/program files (x86)/atmel/atmel toolchain/arm gcc/native/4.8.1437/arm-gnu-toolchain/bin/../lib/gcc/arm-none-eabi/4.8.4/armv7-m/crtend.o
 .jcr           0x00000000        0x4 c:/program files (x86)/atmel/atmel toolchain/arm gcc/native/4.8.1437/arm-gnu-toolchain/bin/../lib/gcc/arm-none-eabi/4.8.4/armv7-m/crtend.o
 .ARM.attributes
                0x00000000       0x2d c:/program files (x86)/atmel/atmel toolchain/arm gcc/native/4.8.1437/arm-gnu-toolchain/bin/../lib/gcc/arm-none-eabi/4.8.4/armv7-m/crtend.o
 .text          0x00000000        0x0 c:/program files (x86)/atmel/atmel toolchain/arm gcc/native/4.8.1437/arm-gnu-toolchain/bin/../lib/gcc/arm-none-eabi/4.8.4/armv7-m/crtn.o
 .data          0x00000000        0x0 c:/program files (x86)/atmel/atmel toolchain/arm gcc/native/4.8.1437/arm-gnu-toolchain/bin/../lib/gcc/arm-none-eabi/4.8.4/armv7-m/crtn.o
 .bss           0x00000000        0x0 c:/program files (x86)/atmel/atmel toolchain/arm gcc/native/4.8.1437/arm-gnu-toolchain/bin/../lib/gcc/arm-none-eabi/4.8.4/armv7-m/crtn.o

Memory Configuration

Name             Origin             Length             Attributes
rom              0x00080000         0x00080000         xr
ram              0x20000000         0x00018000         xrw
*default*        0x00000000         0xffffffff

Linker script and memory map

LOAD c:/program files (x86)/atmel/atmel toolchain/arm gcc/native/4.8.1437/arm-gnu-toolchain/bin/../lib/gcc/arm-none-eabi/4.8.4/armv7-m/crti.o
LOAD c:/program files (x86)/atmel/atmel toolchain/arm gcc/native/4.8.1437/arm-gnu-toolchain/bin/../lib/gcc/arm-none-eabi/4.8.4/armv7-m/crtbegin.o
LOAD c:/program files (x86)/atmel/atmel toolchain/arm gcc/native/4.8.1437/arm-gnu-toolchain/bin/../lib/gcc/arm-none-eabi/4.8.4/../../../../arm-none-eabi/lib/armv7-m/crt0.o
LOAD Blink2.o
LOAD cmsis/src/startup_sam3xa.o
LOAD cmsis/src/system_sam3xa.o
START GROUP
LOAD c:/program files (x86)/atmel/atmel toolchain/arm gcc/native/4.8.1437/arm-gnu-toolchain/bin/../lib/gcc/arm-none-eabi/4.8.4/../../../../arm-none-eabi/lib/armv7-m\libm.a
END GROUP
START GROUP
LOAD c:/program files (x86)/atmel/atmel toolchain/arm gcc/native/4.8.1437/arm-gnu-toolchain/bin/../lib/gcc/arm-none-eabi/4.8.4/armv7-m\libgcc.a
LOAD c:/program files (x86)/atmel/atmel toolchain/arm gcc/native/4.8.1437/arm-gnu-toolchain/bin/../lib/gcc/arm-none-eabi/4.8.4/../../../../arm-none-eabi/lib/armv7-m\libc.a
END GROUP
LOAD c:/program files (x86)/atmel/atmel toolchain/arm gcc/native/4.8.1437/arm-gnu-toolchain/bin/../lib/gcc/arm-none-eabi/4.8.4/armv7-m/crtend.o
LOAD c:/program files (x86)/atmel/atmel toolchain/arm gcc/native/4.8.1437/arm-gnu-toolchain/bin/../lib/gcc/arm-none-eabi/4.8.4/armv7-m/crtn.o
                0x00000400                STACK_SIZE = DEFINED (STACK_SIZE)?STACK_SIZE:0x400
                0x00000200                HEAP_SIZE = DEFINED (HEAP_SIZE)?HEAP_SIZE:0x200

.text           0x00080000      0x410
                0x00080000                . = ALIGN (0x4)
                0x00080000                _sfixed = .
 *(.vectors .vectors.*)
 .vectors       0x00080000       0xf4 cmsis/src/startup_sam3xa.o
                0x00080000                exception_table
 *(.text .text.* .gnu.linkonce.t.*)
 .text          0x000800f4       0x54 c:/program files (x86)/atmel/atmel toolchain/arm gcc/native/4.8.1437/arm-gnu-toolchain/bin/../lib/gcc/arm-none-eabi/4.8.4/armv7-m/crtbegin.o
 .text.main     0x00080148        0xc Blink2.o
                0x00080148                main
 .text.Dummy_Handler
                0x00080154        0x4 cmsis/src/startup_sam3xa.o
                0x00080154                DACC_Handler
                0x00080154                DebugMon_Handler
                0x00080154                DMAC_Handler
                0x00080154                TRNG_Handler
                0x00080154                HardFault_Handler
                0x00080154                TC2_Handler
                0x00080154                SysTick_Handler
                0x00080154                TWI1_Handler
                0x00080154                PendSV_Handler
                0x00080154                NMI_Handler
                0x00080154                ADC_Handler
                0x00080154                USART0_Handler
                0x00080154                RTT_Handler
                0x00080154                EFC1_Handler
                0x00080154                PIOB_Handler
                0x00080154                RTC_Handler
                0x00080154                UsageFault_Handler
                0x00080154                WDT_Handler
                0x00080154                CAN0_Handler
                0x00080154                TC4_Handler
                0x00080154                TC1_Handler
                0x00080154                HSMCI_Handler
                0x00080154                TC3_Handler
                0x00080154                Dummy_Handler
                0x00080154                TWI0_Handler
                0x00080154                USART1_Handler
                0x00080154                PIOA_Handler
                0x00080154                SSC_Handler
                0x00080154                EFC0_Handler
                0x00080154                PMC_Handler
                0x00080154                PWM_Handler
                0x00080154                CAN1_Handler
                0x00080154                MemManage_Handler
                0x00080154                SUPC_Handler
                0x00080154                SVC_Handler
                0x00080154                USART2_Handler
                0x00080154                EMAC_Handler
                0x00080154                UART_Handler
                0x00080154                BusFault_Handler
                0x00080154                RSTC_Handler
                0x00080154                TC0_Handler
                0x00080154                TC5_Handler
                0x00080154                UOTGHS_Handler
                0x00080154                SPI0_Handler
 .text.Reset_Handler
                0x00080158       0xa0 cmsis/src/startup_sam3xa.o
                0x00080158                Reset_Handler
 .text.SystemInit
                0x000801f8       0xa4 cmsis/src/system_sam3xa.o
                0x000801f8                SystemInit
 .text.__libc_init_array
                0x0008029c       0x50 c:/program files (x86)/atmel/atmel toolchain/arm gcc/native/4.8.1437/arm-gnu-toolchain/bin/../lib/gcc/arm-none-eabi/4.8.4/../../../../arm-none-eabi/lib/armv7-m\libc.a(lib_a-init.o)
                0x0008029c                __libc_init_array
 .text.startup.register_fini
                0x000802ec       0x14 c:/program files (x86)/atmel/atmel toolchain/arm gcc/native/4.8.1437/arm-gnu-toolchain/bin/../lib/gcc/arm-none-eabi/4.8.4/../../../../arm-none-eabi/lib/armv7-m\libc.a(lib_a-__call_atexit.o)
 .text.atexit   0x00080300        0xc c:/program files (x86)/atmel/atmel toolchain/arm gcc/native/4.8.1437/arm-gnu-toolchain/bin/../lib/gcc/arm-none-eabi/4.8.4/../../../../arm-none-eabi/lib/armv7-m\libc.a(lib_a-atexit.o)
                0x00080300                atexit
 .text.__libc_fini_array
                0x0008030c       0x30 c:/program files (x86)/atmel/atmel toolchain/arm gcc/native/4.8.1437/arm-gnu-toolchain/bin/../lib/gcc/arm-none-eabi/4.8.4/../../../../arm-none-eabi/lib/armv7-m\libc.a(lib_a-fini.o)
                0x0008030c                __libc_fini_array
 .text.__register_exitproc
                0x0008033c       0xa8 c:/program files (x86)/atmel/atmel toolchain/arm gcc/native/4.8.1437/arm-gnu-toolchain/bin/../lib/gcc/arm-none-eabi/4.8.4/../../../../arm-none-eabi/lib/armv7-m\libc.a(lib_a-__atexit.o)
                0x0008033c                __register_exitproc
 *(.glue_7t)
 .glue_7t       0x00000000        0x0 linker stubs
 *(.glue_7)
 .glue_7        0x00000000        0x0 linker stubs
 *(.rodata .rodata* .gnu.linkonce.r.*)
 .rodata.str1.4
                0x000803e4        0x4 c:/program files (x86)/atmel/atmel toolchain/arm gcc/native/4.8.1437/arm-gnu-toolchain/bin/../lib/gcc/arm-none-eabi/4.8.4/../../../../arm-none-eabi/lib/armv7-m\libc.a(lib_a-impure.o)
 .rodata._global_impure_ptr
                0x000803e8        0x4 c:/program files (x86)/atmel/atmel toolchain/arm gcc/native/4.8.1437/arm-gnu-toolchain/bin/../lib/gcc/arm-none-eabi/4.8.4/../../../../arm-none-eabi/lib/armv7-m\libc.a(lib_a-impure.o)
                0x000803e8                _global_impure_ptr
 *(.ARM.extab* .gnu.linkonce.armextab.*)
                0x000803ec                . = ALIGN (0x4)
 *(.init)
 .init          0x000803ec        0x4 c:/program files (x86)/atmel/atmel toolchain/arm gcc/native/4.8.1437/arm-gnu-toolchain/bin/../lib/gcc/arm-none-eabi/4.8.4/armv7-m/crti.o
                0x000803ec                _init
 .init          0x000803f0        0x8 c:/program files (x86)/atmel/atmel toolchain/arm gcc/native/4.8.1437/arm-gnu-toolchain/bin/../lib/gcc/arm-none-eabi/4.8.4/armv7-m/crtn.o
                0x000803f8                . = ALIGN (0x4)
                0x000803f8                __preinit_array_start = .
 *(.preinit_array)
                0x000803f8                __preinit_array_end = .
                0x000803f8                . = ALIGN (0x4)
                0x000803f8                __init_array_start = .
 *(SORT(.init_array.*))
 .init_array.00000
                0x000803f8        0x4 c:/program files (x86)/atmel/atmel toolchain/arm gcc/native/4.8.1437/arm-gnu-toolchain/bin/../lib/gcc/arm-none-eabi/4.8.4/../../../../arm-none-eabi/lib/armv7-m\libc.a(lib_a-__call_atexit.o)
 *(.init_array)
 .init_array    0x000803fc        0x4 c:/program files (x86)/atmel/atmel toolchain/arm gcc/native/4.8.1437/arm-gnu-toolchain/bin/../lib/gcc/arm-none-eabi/4.8.4/armv7-m/crtbegin.o
                0x00080400                __init_array_end = .
                0x00080400                . = ALIGN (0x4)
 *crtbegin.o(.ctors)
 *(EXCLUDE_FILE(*crtend.o) .ctors)
 *(SORT(.ctors.*))
 *crtend.o(.ctors)
                0x00080400                . = ALIGN (0x4)
 *(.fini)
 .fini          0x00080400        0x4 c:/program files (x86)/atmel/atmel toolchain/arm gcc/native/4.8.1437/arm-gnu-toolchain/bin/../lib/gcc/arm-none-eabi/4.8.4/armv7-m/crti.o
                0x00080400                _fini
 .fini          0x00080404        0x8 c:/program files (x86)/atmel/atmel toolchain/arm gcc/native/4.8.1437/arm-gnu-toolchain/bin/../lib/gcc/arm-none-eabi/4.8.4/armv7-m/crtn.o
                0x0008040c                . = ALIGN (0x4)
                0x0008040c                __fini_array_start = .
 *(.fini_array)
 .fini_array    0x0008040c        0x4 c:/program files (x86)/atmel/atmel toolchain/arm gcc/native/4.8.1437/arm-gnu-toolchain/bin/../lib/gcc/arm-none-eabi/4.8.4/armv7-m/crtbegin.o
 *(SORT(.fini_array.*))
                0x00080410                __fini_array_end = .
 *crtbegin.o(.dtors)
 *(EXCLUDE_FILE(*crtend.o) .dtors)
 *(SORT(.dtors.*))
 *crtend.o(.dtors)
                0x00080410                . = ALIGN (0x4)
                0x00080410                _efixed = .
                0x00080410                PROVIDE (__exidx_start, .)

.vfp11_veneer   0x00080410        0x0
 .vfp11_veneer  0x00000000        0x0 linker stubs

.v4_bx          0x00080410        0x0
 .v4_bx         0x00000000        0x0 linker stubs

.iplt           0x00080410        0x0
 .iplt          0x00000000        0x0 c:/program files (x86)/atmel/atmel toolchain/arm gcc/native/4.8.1437/arm-gnu-toolchain/bin/../lib/gcc/arm-none-eabi/4.8.4/armv7-m/crtbegin.o

.eh_frame       0x00080410        0x0
 .eh_frame      0x00080410        0x0 c:/program files (x86)/atmel/atmel toolchain/arm gcc/native/4.8.1437/arm-gnu-toolchain/bin/../lib/gcc/arm-none-eabi/4.8.4/armv7-m/crtbegin.o

.rel.dyn        0x00080410        0x0
 .rel.iplt      0x00000000        0x0 c:/program files (x86)/atmel/atmel toolchain/arm gcc/native/4.8.1437/arm-gnu-toolchain/bin/../lib/gcc/arm-none-eabi/4.8.4/armv7-m/crtbegin.o

.jcr            0x00080410        0x0
 .jcr           0x00080410        0x0 c:/program files (x86)/atmel/atmel toolchain/arm gcc/native/4.8.1437/arm-gnu-toolchain/bin/../lib/gcc/arm-none-eabi/4.8.4/armv7-m/crtbegin.o

.igot.plt       0x00080410        0x0
 .igot.plt      0x00000000        0x0 c:/program files (x86)/atmel/atmel toolchain/arm gcc/native/4.8.1437/arm-gnu-toolchain/bin/../lib/gcc/arm-none-eabi/4.8.4/armv7-m/crtbegin.o

.ARM.exidx
 *(.ARM.exidx* .gnu.linkonce.armexidx.*)
                0x00080410                PROVIDE (__exidx_end, .)
                0x00080410                . = ALIGN (0x4)
                0x00080410                _etext = .

.relocate       0x20000000      0x430 load address 0x00080410
                0x20000000                . = ALIGN (0x4)
                0x20000000                _srelocate = .
 *(.ramfunc .ramfunc.*)
 *(.data .data.*)
 .data          0x20000000        0x4 cmsis/src/system_sam3xa.o
                0x20000000                SystemCoreClock
 *fill*         0x20000004        0x4 
 .data.impure_data
                0x20000008      0x428 c:/program files (x86)/atmel/atmel toolchain/arm gcc/native/4.8.1437/arm-gnu-toolchain/bin/../lib/gcc/arm-none-eabi/4.8.4/../../../../arm-none-eabi/lib/armv7-m\libc.a(lib_a-impure.o)
                0x20000430                . = ALIGN (0x4)
                0x20000430                _erelocate = .

.bss            0x20000430       0x1c load address 0x00080840
                0x20000430                . = ALIGN (0x4)
                0x20000430                _sbss = .
                0x20000430                _szero = .
 *(.bss .bss.*)
 .bss           0x20000430       0x1c c:/program files (x86)/atmel/atmel toolchain/arm gcc/native/4.8.1437/arm-gnu-toolchain/bin/../lib/gcc/arm-none-eabi/4.8.4/armv7-m/crtbegin.o
 *(COMMON)
                0x2000044c                . = ALIGN (0x4)
                0x2000044c                _ebss = .
                0x2000044c                _ezero = .

.stack          0x2000044c      0x404 load address 0x0008085c
                0x20000450                . = ALIGN (0x8)
 *fill*         0x2000044c        0x4 
                0x20000450                _sstack = .
                0x20000850                . = (. + STACK_SIZE)
 *fill*         0x20000450      0x400 
                0x20000850                . = ALIGN (0x8)
                0x20000850                _estack = .

.heap           0x20000850      0x200 load address 0x00080c60
                0x20000850                . = ALIGN (0x8)
                0x20000850                _sheap = .
                0x20000a50                . = (. + HEAP_SIZE)
 *fill*         0x20000850      0x200 
                0x20000a50                . = ALIGN (0x8)
                0x20000a50                _eheap = .
                0x20000a50                . = ALIGN (0x4)
                0x20000a50                _end = .
                0x20017fff                _ram_end_ = ((ORIGIN (ram) + 0x18000) - 0x1)
OUTPUT(Blink2.elf elf32-littlearm)

.ARM.attributes
                0x00000000       0x29
 .ARM.attributes
                0x00000000       0x1d c:/program files (x86)/atmel/atmel toolchain/arm gcc/native/4.8.1437/arm-gnu-toolchain/bin/../lib/gcc/arm-none-eabi/4.8.4/armv7-m/crti.o
 .ARM.attributes
                0x0000001d       0x2d c:/program files (x86)/atmel/atmel toolchain/arm gcc/native/4.8.1437/arm-gnu-toolchain/bin/../lib/gcc/arm-none-eabi/4.8.4/armv7-m/crtbegin.o
 .ARM.attributes
                0x0000004a       0x33 Blink2.o
 .ARM.attributes
                0x0000007d       0x33 cmsis/src/startup_sam3xa.o
 .ARM.attributes
                0x000000b0       0x33 cmsis/src/system_sam3xa.o
 .ARM.attributes
                0x000000e3       0x2d c:/program files (x86)/atmel/atmel toolchain/arm gcc/native/4.8.1437/arm-gnu-toolchain/bin/../lib/gcc/arm-none-eabi/4.8.4/../../../../arm-none-eabi/lib/armv7-m\libc.a(lib_a-impure.o)
 .ARM.attributes
                0x00000110       0x2d c:/program files (x86)/atmel/atmel toolchain/arm gcc/native/4.8.1437/arm-gnu-toolchain/bin/../lib/gcc/arm-none-eabi/4.8.4/../../../../arm-none-eabi/lib/armv7-m\libc.a(lib_a-init.o)
 .ARM.attributes
                0x0000013d       0x2d c:/program files (x86)/atmel/atmel toolchain/arm gcc/native/4.8.1437/arm-gnu-toolchain/bin/../lib/gcc/arm-none-eabi/4.8.4/../../../../arm-none-eabi/lib/armv7-m\libc.a(lib_a-__call_atexit.o)
 .ARM.attributes
                0x0000016a       0x2d c:/program files (x86)/atmel/atmel toolchain/arm gcc/native/4.8.1437/arm-gnu-toolchain/bin/../lib/gcc/arm-none-eabi/4.8.4/../../../../arm-none-eabi/lib/armv7-m\libc.a(lib_a-atexit.o)
 .ARM.attributes
                0x00000197       0x2d c:/program files (x86)/atmel/atmel toolchain/arm gcc/native/4.8.1437/arm-gnu-toolchain/bin/../lib/gcc/arm-none-eabi/4.8.4/../../../../arm-none-eabi/lib/armv7-m\libc.a(lib_a-fini.o)
 .ARM.attributes
                0x000001c4       0x2d c:/program files (x86)/atmel/atmel toolchain/arm gcc/native/4.8.1437/arm-gnu-toolchain/bin/../lib/gcc/arm-none-eabi/4.8.4/../../../../arm-none-eabi/lib/armv7-m\libc.a(lib_a-__atexit.o)
 .ARM.attributes
                0x000001f1       0x1d c:/program files (x86)/atmel/atmel toolchain/arm gcc/native/4.8.1437/arm-gnu-toolchain/bin/../lib/gcc/arm-none-eabi/4.8.4/armv7-m/crtn.o

.comment        0x00000000       0x5b
 .comment       0x00000000       0x5b Blink2.o
                                 0x5c (size before relaxing)
 .comment       0x00000000       0x5c cmsis/src/startup_sam3xa.o
 .comment       0x00000000       0x5c cmsis/src/system_sam3xa.o

.debug_info     0x00000000      0xc08
 .debug_info    0x00000000       0xc8 Blink2.o
 .debug_info    0x000000c8      0x6f0 cmsis/src/startup_sam3xa.o
 .debug_info    0x000007b8      0x450 cmsis/src/system_sam3xa.o

.debug_abbrev   0x00000000      0x2ad
 .debug_abbrev  0x00000000       0x79 Blink2.o
 .debug_abbrev  0x00000079      0x13f cmsis/src/startup_sam3xa.o
 .debug_abbrev  0x000001b8       0xf5 cmsis/src/system_sam3xa.o

.debug_loc      0x00000000       0x9e
 .debug_loc     0x00000000       0x20 Blink2.o
 .debug_loc     0x00000020       0x7e cmsis/src/startup_sam3xa.o

.debug_aranges  0x00000000       0x78
 .debug_aranges
                0x00000000       0x20 Blink2.o
 .debug_aranges
                0x00000020       0x28 cmsis/src/startup_sam3xa.o
 .debug_aranges
                0x00000048       0x30 cmsis/src/system_sam3xa.o

.debug_ranges   0x00000000       0x48
 .debug_ranges  0x00000000       0x10 Blink2.o
 .debug_ranges  0x00000010       0x18 cmsis/src/startup_sam3xa.o
 .debug_ranges  0x00000028       0x20 cmsis/src/system_sam3xa.o

.debug_macro    0x00000000     0xeaca
 .debug_macro   0x00000000      0x30a Blink2.o
 .debug_macro   0x0000030a      0x856 Blink2.o
 .debug_macro   0x00000b60      0x51e Blink2.o
 .debug_macro   0x0000107e       0x16 Blink2.o
 .debug_macro   0x00001094       0x44 Blink2.o
 .debug_macro   0x000010d8      0x209 Blink2.o
 .debug_macro   0x000012e1       0x20 Blink2.o
 .debug_macro   0x00001301       0x3a Blink2.o
 .debug_macro   0x0000133b       0x2d Blink2.o
 .debug_macro   0x00001368      0xbb1 Blink2.o
 .debug_macro   0x00001f19      0xa7d Blink2.o
 .debug_macro   0x00002996      0x55a Blink2.o
 .debug_macro   0x00002ef0      0x1a8 Blink2.o
 .debug_macro   0x00003098      0x30b Blink2.o
 .debug_macro   0x000033a3      0x709 Blink2.o
 .debug_macro   0x00003aac       0xd6 Blink2.o
 .debug_macro   0x00003b82      0x56c Blink2.o
 .debug_macro   0x000040ee       0x1c Blink2.o
 .debug_macro   0x0000410a      0x678 Blink2.o
 .debug_macro   0x00004782      0x51e Blink2.o
 .debug_macro   0x00004ca0       0xbe Blink2.o
 .debug_macro   0x00004d5e     0x2333 Blink2.o
 .debug_macro   0x00007091      0x7d1 Blink2.o
 .debug_macro   0x00007862      0xdbb Blink2.o
 .debug_macro   0x0000861d       0x9a Blink2.o
 .debug_macro   0x000086b7      0x29c Blink2.o
 .debug_macro   0x00008953       0x58 Blink2.o
 .debug_macro   0x000089ab      0x22d Blink2.o
 .debug_macro   0x00008bd8      0x4b4 Blink2.o
 .debug_macro   0x0000908c      0x64a Blink2.o
 .debug_macro   0x000096d6      0x590 Blink2.o
 .debug_macro   0x00009c66       0x46 Blink2.o
 .debug_macro   0x00009cac      0x33f Blink2.o
 .debug_macro   0x00009feb      0x27e Blink2.o
 .debug_macro   0x0000a269     0x14dc Blink2.o
 .debug_macro   0x0000b745      0x7cf Blink2.o
 .debug_macro   0x0000bf14       0x76 Blink2.o
 .debug_macro   0x0000bf8a       0x82 Blink2.o
 .debug_macro   0x0000c00c       0x76 Blink2.o
 .debug_macro   0x0000c082       0x4c Blink2.o
 .debug_macro   0x0000c0ce      0x100 Blink2.o
 .debug_macro   0x0000c1ce      0x100 Blink2.o
 .debug_macro   0x0000c2ce       0x88 Blink2.o
 .debug_macro   0x0000c356       0x88 Blink2.o
 .debug_macro   0x0000c3de      0x3b4 Blink2.o
 .debug_macro   0x0000c792       0xbe Blink2.o
 .debug_macro   0x0000c850       0xbe Blink2.o
 .debug_macro   0x0000c90e       0xbe Blink2.o
 .debug_macro   0x0000c9cc      0x2b8 Blink2.o
 .debug_macro   0x0000cc84      0x118 Blink2.o
 .debug_macro   0x0000cd9c      0x216 Blink2.o
 .debug_macro   0x0000cfb2      0x216 Blink2.o
 .debug_macro   0x0000d1c8       0x2e Blink2.o
 .debug_macro   0x0000d1f6       0xac Blink2.o
 .debug_macro   0x0000d2a2      0x13e Blink2.o
 .debug_macro   0x0000d3e0       0x7c Blink2.o
 .debug_macro   0x0000d45c       0x64 Blink2.o
 .debug_macro   0x0000d4c0       0xa6 Blink2.o
 .debug_macro   0x0000d566       0x7c Blink2.o
 .debug_macro   0x0000d5e2       0x16 Blink2.o
 .debug_macro   0x0000d5f8       0x22 Blink2.o
 .debug_macro   0x0000d61a       0x22 Blink2.o
 .debug_macro   0x0000d63c      0x10c Blink2.o
 .debug_macro   0x0000d748      0x10c Blink2.o
 .debug_macro   0x0000d854       0x1c Blink2.o
 .debug_macro   0x0000d870       0x2e Blink2.o
 .debug_macro   0x0000d89e       0x22 Blink2.o
 .debug_macro   0x0000d8c0       0x1c Blink2.o
 .debug_macro   0x0000d8dc       0x58 Blink2.o
 .debug_macro   0x0000d934       0x10 Blink2.o
 .debug_macro   0x0000d944      0x21f Blink2.o
 .debug_macro   0x0000db63      0x800 Blink2.o
 .debug_macro   0x0000e363      0x169 Blink2.o
 .debug_macro   0x0000e4cc      0x2f6 cmsis/src/startup_sam3xa.o
 .debug_macro   0x0000e7c2      0x308 cmsis/src/system_sam3xa.o

.debug_line     0x00000000     0x16c7
 .debug_line    0x00000000      0x7a0 Blink2.o
 .debug_line    0x000007a0      0x765 cmsis/src/startup_sam3xa.o
 .debug_line    0x00000f05      0x7c2 cmsis/src/system_sam3xa.o

.debug_str      0x00000000    0x4a34e
 .debug_str     0x00000000    0x49ba1 Blink2.o
                              0x49d1b (size before relaxing)
 .debug_str     0x00049ba1      0x4db cmsis/src/startup_sam3xa.o
                              0x47093 (size before relaxing)
 .debug_str     0x0004a07c      0x2d2 cmsis/src/system_sam3xa.o
                              0x46e71 (size before relaxing)

.debug_frame    0x00000000      0x190
 .debug_frame   0x00000000       0x28 Blink2.o
 .debug_frame   0x00000028       0x38 cmsis/src/startup_sam3xa.o
 .debug_frame   0x00000060       0x40 cmsis/src/system_sam3xa.o
 .debug_frame   0x000000a0       0x2c c:/program files (x86)/atmel/atmel toolchain/arm gcc/native/4.8.1437/arm-gnu-toolchain/bin/../lib/gcc/arm-none-eabi/4.8.4/../../../../arm-none-eabi/lib/armv7-m\libc.a(lib_a-init.o)
 .debug_frame   0x000000cc       0x48 c:/program files (x86)/atmel/atmel toolchain/arm gcc/native/4.8.1437/arm-gnu-toolchain/bin/../lib/gcc/arm-none-eabi/4.8.4/../../../../arm-none-eabi/lib/armv7-m\libc.a(lib_a-__call_atexit.o)
 .debug_frame   0x00000114       0x20 c:/program files (x86)/atmel/atmel toolchain/arm gcc/native/4.8.1437/arm-gnu-toolchain/bin/../lib/gcc/arm-none-eabi/4.8.4/../../../../arm-none-eabi/lib/armv7-m\libc.a(lib_a-atexit.o)
 .debug_frame   0x00000134       0x2c c:/program files (x86)/atmel/atmel toolchain/arm gcc/native/4.8.1437/arm-gnu-toolchain/bin/../lib/gcc/arm-none-eabi/4.8.4/../../../../arm-none-eabi/lib/armv7-m\libc.a(lib_a-fini.o)
 .debug_frame   0x00000160       0x30 c:/program files (x86)/atmel/atmel toolchain/arm gcc/native/4.8.1437/arm-gnu-toolchain/bin/../lib/gcc/arm-none-eabi/4.8.4/../../../../arm-none-eabi/lib/armv7-m\libc.a(lib_a-__atexit.o)
